                    00001           ;TPicSim1
                    00002           ;Programm zum Test des 16F84-Simulators.
                    00003           ;Es werden alle Literal-Befehle geprft
                    00004           ;(c) St. Lehmann
                    00005           ;Ersterstellung: 23.03.2016
                    00006           ;mod. 18.10.2018 Version HSO
                    00007           ;
                    00008           list c=132          ;Zeilenlnge im LST auf 132 Zeichen setzen
                    00009           
                    00010           
                    00011           ;Definition des Prozessors
                    00012           device 16F84
                    00013             
                    00014           ;Festlegen des Codebeginns
                    00015           org 0
                    00016  start    
0000 3011           00017           movlw 11h           ;in W steht nun 11h, Statusreg. unverndert
0001 3930           00018           andlw 30h           ;W = 10h, C=x, DC=x, Z=0
0002 380D           00019           iorlw 0Dh           ;W = 1Dh, C=x, DC=x, Z=0
0003 3C3D           00020           sublw 3Dh           ;W = 20h, C=1, DC=1, Z=0
0004 3A20           00021           xorlw 20h           ;W = 00h, C=1, DC=1, Z=1
0005 3E25           00022           addlw 25h           ;W = 25h, C=0, DC=0, Z=0
                    00023             
                    00024           
                    00025  ende     
0006 2806           00026           goto ende           ;Endlosschleife, verhindert Nirwana
                    00027           
                    00028             
